// Jest Snapshot v1, https://goo.gl/fbAQLP

exports[`renders correctly 1`] = `
<View
  style={
    Object {
      "flex": 1,
      "marginTop": 64,
      "paddingVertical": 20,
    }
  }
>
  <View
    style={
      Array [
        Object {
          "backgroundColor": "white",
          "borderColor": "#e1e8ee",
          "borderWidth": 1,
          "margin": 15,
          "marginBottom": 0,
          "padding": 15,
          "shadowColor": "rgba(0,0,0, .2)",
          "shadowOffset": Object {
            "height": 0,
            "width": 0,
          },
          "shadowOpacity": 1,
          "shadowRadius": 1,
        },
        undefined,
        undefined,
      ]
    }
  >
    <View
      style={
        Array [
          Object {
            "backgroundColor": "transparent",
          },
          undefined,
          undefined,
        ]
      }
    >
      <View
        style={
          Array [
            Object {},
            undefined,
          ]
        }
      >
        <Text
          accessible={true}
          allowFontScaling={true}
          disabled={false}
          ellipsizeMode="tail"
          style={
            Array [
              Object {},
              undefined,
              undefined,
              undefined,
              undefined,
              undefined,
              undefined,
              undefined,
              undefined,
              undefined,
              Array [
                Object {
                  "color": "#86939e",
                  "fontSize": 15,
                  "fontWeight": "bold",
                  "marginBottom": 1,
                  "marginLeft": 20,
                  "marginRight": 20,
                  "marginTop": 15,
                },
                undefined,
                undefined,
              ],
            ]
          }
        >
          Uživatelské jméno
        </Text>
      </View>
      <View
        collapsable={undefined}
        style={
          Object {
            "borderBottomColor": "#bdc6cf",
            "borderBottomWidth": 1,
            "marginLeft": 20,
            "marginRight": 20,
            "transform": Array [
              Object {
                "translateX": 0,
              },
            ],
          }
        }
      >
        <TextInput
          onChangeText={[Function]}
          selectionColor="#86939e"
          style={
            Array [
              Object {
                "color": "#86939e",
                "minHeight": 36,
                "width": 750,
              },
              Object {
                "fontSize": 17.5,
              },
              undefined,
            ]
          }
        />
      </View>
      <View
        style={
          Array [
            Object {},
            undefined,
          ]
        }
      >
        <Text
          accessible={true}
          allowFontScaling={true}
          disabled={false}
          ellipsizeMode="tail"
          style={
            Array [
              Object {},
              undefined,
              undefined,
              undefined,
              undefined,
              undefined,
              undefined,
              undefined,
              undefined,
              undefined,
              Array [
                Object {
                  "color": "#86939e",
                  "fontSize": 15,
                  "fontWeight": "bold",
                  "marginBottom": 1,
                  "marginLeft": 20,
                  "marginRight": 20,
                  "marginTop": 15,
                },
                undefined,
                undefined,
              ],
            ]
          }
        >
          Heslo
        </Text>
      </View>
      <View
        collapsable={undefined}
        style={
          Object {
            "borderBottomColor": "#bdc6cf",
            "borderBottomWidth": 1,
            "marginLeft": 20,
            "marginRight": 20,
            "transform": Array [
              Object {
                "translateX": 0,
              },
            ],
          }
        }
      >
        <TextInput
          onChangeText={[Function]}
          secureTextEntry={true}
          selectionColor="#86939e"
          style={
            Array [
              Object {
                "color": "#86939e",
                "minHeight": 36,
                "width": 750,
              },
              Object {
                "fontSize": 17.5,
              },
              undefined,
            ]
          }
        />
      </View>
      <View
        style={
          Array [
            Object {
              "backgroundColor": "transparent",
              "marginLeft": 15,
              "marginRight": 15,
            },
            undefined,
            undefined,
            undefined,
          ]
        }
      >
        <View
          accessibilityComponentType={undefined}
          accessibilityLabel={undefined}
          accessibilityTraits={undefined}
          accessible={true}
          hasTVPreferredFocus={undefined}
          hitSlop={undefined}
          isTVSelectable={true}
          nativeID={undefined}
          onLayout={undefined}
          onResponderGrant={[Function]}
          onResponderMove={[Function]}
          onResponderRelease={[Function]}
          onResponderTerminate={[Function]}
          onResponderTerminationRequest={[Function]}
          onStartShouldSetResponder={[Function]}
          style={
            Array [
              Object {
                "backgroundColor": "transparent",
              },
              undefined,
            ]
          }
          testID={undefined}
          tvParallaxProperties={undefined}
        >
          <View
            style={
              Array [
                Object {
                  "alignItems": "center",
                  "backgroundColor": "#9E9E9E",
                  "flexDirection": "row",
                  "justifyContent": "center",
                  "padding": 19,
                },
                undefined,
                undefined,
                undefined,
                undefined,
                undefined,
                Object {
                  "backgroundColor": "#e75637",
                },
                undefined,
                Object {
                  "padding": 12,
                },
                undefined,
                undefined,
                undefined,
                Object {
                  "marginTop": 20,
                },
                undefined,
                undefined,
              ]
            }
          >
            <Text
              accessible={true}
              allowFontScaling={true}
              disabled={false}
              ellipsizeMode="tail"
              style={
                Array [
                  Object {},
                  undefined,
                  undefined,
                  undefined,
                  undefined,
                  undefined,
                  undefined,
                  undefined,
                  undefined,
                  undefined,
                  Array [
                    Object {
                      "color": "white",
                      "fontSize": 20,
                    },
                    undefined,
                    Object {
                      "fontSize": 17.5,
                    },
                    undefined,
                    undefined,
                    undefined,
                    undefined,
                  ],
                ]
              }
            >
              Přihlásit se
            </Text>
          </View>
        </View>
      </View>
    </View>
  </View>
</View>
`;
